[36mvite v8.0.3 [32mbuilding client environment for production...[36m[39m
[2K
transforming...Γ£ô 1729 modules transformed.
node.exe : [31mΓ£ù[39m 
Build failed in 457ms
At line:1 char:1
+ & "C:\Program 
Files\nodejs/node.exe" 
"C:\Program 
Files\nodejs/node_mo ...
+ ~~~~~~~~~~~~~~~~~~~~~~~~~
~~~~~~~~~~~~~~~~~~~~~~~~~~~
~~~~~~~~~~~~~~~~~
    + CategoryInfo         
     : NotSpecified: ([3  
  1mΓ£ù[39m Build faile   
 d in 457ms:String) [],    
 RemoteException
    + FullyQualifiedErrorI 
   d : NativeCommandError
 
[31merror during build:
[31mBuild failed with 14 
errors:

[31m[UNRESOLVED_IMPORT] 
Error:[0m Could not 
resolve 
'../../context/AppContext' 
in src/pages/Insights.jsx
   [38;5;246mΓò¡[0m[38;5
;246mΓöÇ[0m[38;5;246m[[0
m src/pages/Insights.jsx:3:
24 [38;5;246m][0m
   [38;5;246mΓöé[0m
 [38;5;246m3 Γöé[0m [38;
5;249mi[0m[38;5;249mm[0m
[38;5;249mp[0m[38;5;249m
o[0m[38;5;249mr[0m[38;5
;249mt[0m[38;5;249m [0m
[38;5;249m{[0m[38;5;249m 
[0m[38;5;249mu[0m[38;5;
249ms[0m[38;5;249me[0m[
38;5;249mA[0m[38;5;249mp
[0m[38;5;249mp[0m[38;5;2
49m [0m[38;5;249m}[0m[3
8;5;249m [0m[38;5;249mf[
0m[38;5;249mr[0m[38;5;24
9mo[0m[38;5;249mm[0m[38
;5;249m [0m"../../context/
AppContext"[38;5;249m;[0m
 [38;5;240m  Γöé[0m      
                  ΓöÇΓöÇΓöÇ
ΓöÇΓöÇΓöÇΓöÇΓöÇΓöÇΓöÇΓöÇΓöÇ
ΓöÇΓö¼ΓöÇΓöÇΓöÇΓöÇΓöÇΓöÇΓöÇ
ΓöÇΓöÇΓöÇΓöÇΓöÇ  
 [38;5;240m  Γöé[0m      
                           
    Γò░ΓöÇΓöÇΓöÇΓöÇΓöÇΓöÇΓö
ÇΓöÇΓöÇΓöÇΓöÇΓöÇΓöÇΓöÇ 
Module not found.
 [38;5;240m  Γöé[0m 
 [38;5;240m  Γöé[0m 
[38;5;115mHelp[0m: 
'src/pages/Insights.jsx' 
is imported by the 
following path:
 [38;5;240m  Γöé[0m      
   - src/pages/Insights.jsx
 [38;5;240m  Γöé[0m      
   - src/App.jsx
 [38;5;240m  Γöé[0m      
   - src/main.jsx
 [38;5;240m  Γöé[0m      
   - index.html
[38;5;246mΓöÇΓöÇΓöÇΓò»[0m

[31m[UNRESOLVED_IMPORT] 
Error:[0m Could not 
resolve 
'../../utils/helpers' in 
src/pages/Insights.jsx
   [38;5;246mΓò¡[0m[38;5
;246mΓöÇ[0m[38;5;246m[[0
m src/pages/Insights.jsx:4:
29 [38;5;246m][0m
   [38;5;246mΓöé[0m
 [38;5;246m4 Γöé[0m [38;
5;249mi[0m[38;5;249mm[0m
[38;5;249mp[0m[38;5;249m
o[0m[38;5;249mr[0m[38;5
;249mt[0m[38;5;249m [0m
[38;5;249m{[0m[38;5;249m 
[0m[38;5;249mg[0m[38;5;
249me[0m[38;5;249mt[0m[
38;5;249mI[0m[38;5;249mn
[0m[38;5;249ms[0m[38;5;2
49mi[0m[38;5;249mg[0m[3
8;5;249mh[0m[38;5;249mt[
0m[38;5;249ms[0m[38;5;24
9m [0m[38;5;249m}[0m[38
;5;249m [0m[38;5;249mf[0
m[38;5;249mr[0m[38;5;249
mo[0m[38;5;249mm[0m[38;
5;249m [0m"../../utils/hel
pers"[38;5;249m;[0m
 [38;5;240m  Γöé[0m      
                       ΓöÇΓ
öÇΓöÇΓöÇΓöÇΓöÇΓöÇΓöÇΓöÇΓöÇΓ
ö¼ΓöÇΓöÇΓöÇΓöÇΓöÇΓöÇΓöÇΓöÇΓ
öÇΓöÇ  
 [38;5;240m  Γöé[0m      
                           
      Γò░ΓöÇΓöÇΓöÇΓöÇΓöÇΓöÇ
ΓöÇΓöÇΓöÇΓöÇΓöÇΓöÇ Module 
not found.
 [38;5;240m  Γöé[0m 
 [38;5;240m  Γöé[0m 
[38;5;115mHelp[0m: 
'src/pages/Insights.jsx' 
is imported by the 
following path:
 [38;5;240m  Γöé[0m      
   - src/pages/Insights.jsx
 [38;5;240m  Γöé[0m      
   - src/App.jsx
 [38;5;240m  Γöé[0m      
   - src/main.jsx
 [38;5;240m  Γöé[0m      
   - index.html
[38;5;246mΓöÇΓöÇΓöÇΓò»[0m

[31m[UNRESOLVED_IMPORT] 
Error:[0m Could not 
resolve '../../components/i
nsights/InsightCard' in 
src/pages/Insights.jsx
   [38;5;246mΓò¡[0m[38;5
;246mΓöÇ[0m[38;5;246m[[0
m src/pages/Insights.jsx:5:
25 [38;5;246m][0m
   [38;5;246mΓöé[0m
 [38;5;246m5 Γöé[0m [38;
5;249mi[0m[38;5;249mm[0m
[38;5;249mp[0m[38;5;249m
o[0m[38;5;249mr[0m[38;5
;249mt[0m[38;5;249m [0m
[38;5;249mI[0m[38;5;249mn
[0m[38;5;249ms[0m[38;5;
249mi[0m[38;5;249mg[0m[
38;5;249mh[0m[38;5;249mt
[0m[38;5;249mC[0m[38;5;2
49ma[0m[38;5;249mr[0m[3
8;5;249md[0m[38;5;249m [
0m[38;5;249mf[0m[38;5;24
9mr[0m[38;5;249mo[0m[38
;5;249mm[0m[38;5;249m [0
m"../../components/insights
/InsightCard"[38;5;249m;[
0m
 [38;5;240m  Γöé[0m      
                   ΓöÇΓöÇΓö
ÇΓöÇΓöÇΓöÇΓöÇΓöÇΓöÇΓöÇΓöÇΓö
ÇΓöÇΓöÇΓöÇΓöÇΓöÇΓöÇΓöÇΓö¼Γö
ÇΓöÇΓöÇΓöÇΓöÇΓöÇΓöÇΓöÇΓöÇΓö
ÇΓöÇΓöÇΓöÇΓöÇΓöÇΓöÇΓöÇΓöÇΓö
Ç  
 [38;5;240m  Γöé[0m      
                           
           Γò░ΓöÇΓöÇΓöÇΓöÇΓ
öÇΓöÇΓöÇΓöÇΓöÇΓöÇΓöÇΓöÇΓöÇΓ
öÇΓöÇΓöÇΓöÇΓöÇΓöÇΓöÇΓöÇ 
Module not found.
 [38;5;240m  Γöé[0m 
 [38;5;240m  Γöé[0m 
[38;5;115mHelp[0m: 
'src/pages/Insights.jsx' 
is imported by the 
following path:
 [38;5;240m  Γöé[0m      
   - src/pages/Insights.jsx
 [38;5;240m  Γöé[0m      
   - src/App.jsx
 [38;5;240m  Γöé[0m      
   - src/main.jsx
 [38;5;240m  Γöé[0m      
   - index.html
[38;5;246mΓöÇΓöÇΓöÇΓò»[0m

[31m[UNRESOLVED_IMPORT] 
Error:[0m Could not 
resolve '../../components/i
nsights/MonthlyComparisonCh
art' in 
src/pages/Insights.jsx
   [38;5;246mΓò¡[0m[38;5
;246mΓöÇ[0m[38;5;246m[[0
m src/pages/Insights.jsx:6:
36 [38;5;246m][0m
   [38;5;246mΓöé[0m
 [38;5;246m6 Γöé[0m [38;
5;249mi[0m[38;5;249mm[0m
[38;5;249mp[0m[38;5;249m
o[0m[38;5;249mr[0m[38;5
;249mt[0m[38;5;249m [0m
[38;5;249mM[0m[38;5;249mo
[0m[38;5;249mn[0m[38;5;
249mt[0m[38;5;249mh[0m[
38;5;249ml[0m[38;5;249my
[0m[38;5;249mC[0m[38;5;2
49mo[0m[38;5;249mm[0m[3
8;5;249mp[0m[38;5;249ma[
0m[38;5;249mr[0m[38;5;24
9mi[0m[38;5;249ms[0m[38
;5;249mo[0m[38;5;249mn[0
m[38;5;249mC[0m[38;5;249
mh[0m[38;5;249ma[0m[38;
5;249mr[0m[38;5;249mt[0m
[38;5;249m [0m[38;5;249m
f[0m[38;5;249mr[0m[38;5
;249mo[0m[38;5;249mm[0m
[38;5;249m [0m"../../compo
nents/insights/MonthlyCompa
risonChart"[38;5;249m;[0m
 [38;5;240m  Γöé[0m      
                           
   ΓöÇΓöÇΓöÇΓöÇΓöÇΓöÇΓöÇΓöÇ
ΓöÇΓöÇΓöÇΓöÇΓöÇΓöÇΓöÇΓöÇΓöÇ
ΓöÇΓöÇΓöÇΓöÇΓöÇΓöÇΓöÇΓöÇΓö¼
ΓöÇΓöÇΓöÇΓöÇΓöÇΓöÇΓöÇΓöÇΓöÇ
ΓöÇΓöÇΓöÇΓöÇΓöÇΓöÇΓöÇΓöÇΓöÇ
ΓöÇΓöÇΓöÇΓöÇΓöÇΓöÇ  
 [38;5;240m  Γöé[0m      
                           
                           
 Γò░ΓöÇΓöÇΓöÇΓöÇΓöÇΓöÇΓöÇΓö
ÇΓöÇΓöÇΓöÇΓöÇΓöÇΓöÇΓöÇΓöÇΓö
ÇΓöÇΓöÇΓöÇΓöÇΓöÇΓöÇΓöÇΓöÇΓö
Ç Module not found.
 [38;5;240m  Γöé[0m 
 [38;5;240m  Γöé[0m 
[38;5;115mHelp[0m: 
'src/pages/Insights.jsx' 
is imported by the 
following path:
 [38;5;240m  Γöé[0m      
   - src/pages/Insights.jsx
 [38;5;240m  Γöé[0m      
   - src/App.jsx
 [38;5;240m  Γöé[0m      
   - src/main.jsx
 [38;5;240m  Γöé[0m      
   - index.html
[38;5;246mΓöÇΓöÇΓöÇΓò»[0m

[31m[UNRESOLVED_IMPORT] 
Error:[0m Could not 
resolve 
'../../context/AppContext' 
in 
src/pages/Transactions.jsx
   [38;5;246mΓò¡[0m[38;5
;246mΓöÇ[0m[38;5;246m[[0
m src/pages/Transactions.js
x:3:24 [38;5;246m][0m
   [38;5;246mΓöé[0m
 [38;5;246m3 Γöé[0m [38;
5;249mi[0m[38;5;249mm[0m
[38;5;249mp[0m[38;5;249m
o[0m[38;5;249mr[0m[38;5
;249mt[0m[38;5;249m [0m
[38;5;249m{[0m[38;5;249m 
[0m[38;5;249mu[0m[38;5;
249ms[0m[38;5;249me[0m[
38;5;249mA[0m[38;5;249mp
[0m[38;5;249mp[0m[38;5;2
49m [0m[38;5;249m}[0m[3
8;5;249m [0m[38;5;249mf[
0m[38;5;249mr[0m[38;5;24
9mo[0m[38;5;249mm[0m[38
;5;249m [0m"../../context/
AppContext"[38;5;249m;[0m
 [38;5;240m  Γöé[0m      
                  ΓöÇΓöÇΓöÇ
ΓöÇΓöÇΓöÇΓöÇΓöÇΓöÇΓöÇΓöÇΓöÇ
ΓöÇΓö¼ΓöÇΓöÇΓöÇΓöÇΓöÇΓöÇΓöÇ
ΓöÇΓöÇΓöÇΓöÇΓöÇ  
 [38;5;240m  Γöé[0m      
                           
    Γò░ΓöÇΓöÇΓöÇΓöÇΓöÇΓöÇΓö
ÇΓöÇΓöÇΓöÇΓöÇΓöÇΓöÇΓöÇ 
Module not found.
 [38;5;240m  Γöé[0m 
 [38;5;240m  Γöé[0m 
[38;5;115mHelp[0m: 'src/p
ages/Transactions.jsx' is 
imported by the following 
path:
 [38;5;240m  Γöé[0m      
   - 
src/pages/Transactions.jsx
 [38;5;240m  Γöé[0m      
   - src/App.jsx
 [38;5;240m  Γöé[0m      
   - src/main.jsx
 [38;5;240m  Γöé[0m      
   - index.html
[38;5;246mΓöÇΓöÇΓöÇΓò»[0m

...[31m
    at aggregateBindingErro
rsIntoJsError (file:///C:/U
sers/pc/OneDrive/Desktop/zo
rvyn/node_modules/rolldown/
dist/shared/error-BLhcSyeg.
mjs:48:18)
    at unwrapBindingResult 
(file:///C:/Users/pc/OneDri
ve/Desktop/zorvyn/node_modu
les/rolldown/dist/shared/er
ror-BLhcSyeg.mjs:18:128)
    at #build (file:///C:/U
sers/pc/OneDrive/Desktop/zo
rvyn/node_modules/rolldown/
dist/shared/rolldown-build-
CPrIX9V6.mjs:3313:34)
    at async 
buildEnvironment (file:///C
:/Users/pc/OneDrive/Desktop
/zorvyn/node_modules/vite/d
ist/node/chunks/node.js:328
49:64)
    at async Object.build (
file:///C:/Users/pc/OneDriv
e/Desktop/zorvyn/node_modul
es/vite/dist/node/chunks/no
de.js:33271:19)
    at async 
Object.buildApp (file:///C:
/Users/pc/OneDrive/Desktop/
zorvyn/node_modules/vite/di
st/node/chunks/node.js:3326
8:153)
    at async 
CAC.<anonymous> (file:///C:
/Users/pc/OneDrive/Desktop/
zorvyn/node_modules/vite/di
st/node/cli.js:778:3) {
  errors: [Getter/Setter]
}[39m
